g++ -O3 -std=c++11 main.cpp /Users/goldman14/work/chimes_calculator/serial_interface/examples/cpp/../../src/serial_chimes_interface.cpp /Users/goldman14/work/chimes_calculator/serial_interface/examples/cpp/../../../chimesFF/src/chimesFF.cpp  -o test-CPP -I /Users/goldman14/work/chimes_calculator/serial_interface/examples/cpp/../../src -I /Users/goldman14/work/chimes_calculator/serial_interface/examples/cpp/../../../chimesFF/src/ -DDEBUG=1
Working on Test 1 of 2 for API cpp
		...Running liqC.2.5gcc_6000K.OUTCAR_#000.xyz
		...Running liqC.2.5gcc_6000K.OUTCAR_#001.xyz
		...Running liqC.2.5gcc_6000K.OUTCAR_#002.xyz
		...Running liqC.2.5gcc_6000K.OUTCAR_#003.xyz
		...Running liqC.2.5gcc_6000K.OUTCAR_#004.xyz
		...Running liqC.2.5gcc_6000K.OUTCAR_#005.xyz
		...Running liqC.2.5gcc_6000K.OUTCAR_#006.xyz
		...Running liqC.2.5gcc_6000K.OUTCAR_#007.xyz
		...Running liqC.2.5gcc_6000K.OUTCAR_#008.xyz
		...Running liqC.2.5gcc_6000K.OUTCAR_#009.xyz
	Test 1 of 2 for API cpp complete
Working on Test 2 of 2 for API cpp
		...Running TiO2.unitcell_arbrot_#000.xyz
		...Running TiO2.unitcell_arbrot_#001.xyz
	Test 2 of 2 for API cpp complete
make: Nothing to be done for `clean'.
make chimesFF.o
g++ -O3 -std=c++11  -c /Users/goldman14/work/chimes_calculator/serial_interface/examples/c/../../../chimesFF/src/chimesFF.cpp -I /Users/goldman14/work/chimes_calculator/serial_interface/examples/c/../../../chimesFF/src
make serial_chimes_interface.o
g++ -O3 -std=c++11  -c /Users/goldman14/work/chimes_calculator/serial_interface/examples/c/../../src/serial_chimes_interface.cpp -I /Users/goldman14/work/chimes_calculator/serial_interface/examples/c/../../src -I /Users/goldman14/work/chimes_calculator/serial_interface/examples/c/../../../chimesFF/src 
make wrapper-C.o
g++ -O3 -std=c++11  -c /Users/goldman14/work/chimes_calculator/serial_interface/examples/c/../../api/wrapper-C.cpp -I /Users/goldman14/work/chimes_calculator/serial_interface/examples/c/../../api -I /Users/goldman14/work/chimes_calculator/serial_interface/examples/c/../../src -I /Users/goldman14/work/chimes_calculator/serial_interface/examples/c/../../../chimesFF/src
make main.o
gcc -O3 -c /Users/goldman14/work/chimes_calculator/serial_interface/examples/c/main.c -DDEBUG=1  -I /Users/goldman14/work/chimes_calculator/serial_interface/examples/c/../../api -I /Users/goldman14/work/chimes_calculator/serial_interface/examples/c/../../src -I /Users/goldman14/work/chimes_calculator/serial_interface/examples/c/../../../chimesFF/src 
make test-C
g++ -O3 -std=c++11  chimesFF.o serial_chimes_interface.o wrapper-C.o main.o -o test-C
make clean
rm -f *.o 
Working on Test 1 of 2 for API c
		...Running liqC.2.5gcc_6000K.OUTCAR_#000.xyz
		...Running liqC.2.5gcc_6000K.OUTCAR_#001.xyz
		...Running liqC.2.5gcc_6000K.OUTCAR_#002.xyz
		...Running liqC.2.5gcc_6000K.OUTCAR_#003.xyz
		...Running liqC.2.5gcc_6000K.OUTCAR_#004.xyz
		...Running liqC.2.5gcc_6000K.OUTCAR_#005.xyz
		...Running liqC.2.5gcc_6000K.OUTCAR_#006.xyz
		...Running liqC.2.5gcc_6000K.OUTCAR_#007.xyz
		...Running liqC.2.5gcc_6000K.OUTCAR_#008.xyz
		...Running liqC.2.5gcc_6000K.OUTCAR_#009.xyz
	Test 1 of 2 for API c complete
Working on Test 2 of 2 for API c
		...Running TiO2.unitcell_arbrot_#000.xyz
		...Running TiO2.unitcell_arbrot_#001.xyz
	Test 2 of 2 for API c complete
rm -f *.o 
make chimesFF.o
g++ -O3 -std=c++11 -fPIC -c /Users/goldman14/work/chimes_calculator/serial_interface/examples/fortran/../../../chimesFF/src/chimesFF.cpp -I /Users/goldman14/work/chimes_calculator/serial_interface/examples/fortran/../../../chimesFF/src
make serial_chimes_interface.o 
g++ -O3 -std=c++11 -fPIC -c /Users/goldman14/work/chimes_calculator/serial_interface/examples/fortran/../../src/serial_chimes_interface.cpp -I /Users/goldman14/work/chimes_calculator/serial_interface/examples/fortran/../../src -I /Users/goldman14/work/chimes_calculator/serial_interface/examples/fortran/../../../chimesFF/src 
make wrapper-C.o
g++ -O3 -std=c++11 -fPIC -c /Users/goldman14/work/chimes_calculator/serial_interface/examples/fortran/../../api/wrapper-C.cpp -I /Users/goldman14/work/chimes_calculator/serial_interface/examples/fortran/../../api -I /Users/goldman14/work/chimes_calculator/serial_interface/examples/fortran/../../src -I /Users/goldman14/work/chimes_calculator/serial_interface/examples/fortran/../../../chimesFF/src	
make wrapper-F.o chimes.mod
gfortran -O3 -fPIC -std=f2003 -cpp  -lc++ -c /Users/goldman14/work/chimes_calculator/serial_interface/examples/fortran/../../api/wrapper-F.F90 -o wrapper-F.o
gfortran -O3 -fPIC -std=f2003 -cpp  -lc++ -c /Users/goldman14/work/chimes_calculator/serial_interface/examples/fortran/../../api/wrapper-F.F90 -o wrapper-F.o
make main.o
gfortran -O3 -fPIC -std=f2003 -cpp  -lc++ -c main.F90 -o main.o  -DDEBUG=1
make test-F
gfortran -O3 -fPIC -std=f2003 -cpp  -lc++ chimesFF.o serial_chimes_interface.o  wrapper-C.o wrapper-F.o main.o -o test-F
make lib
ar rcs libchimes.a chimesFF.o serial_chimes_interface.o wrapper-C.o 
Working on Test 1 of 2 for API fortran
		...Running liqC.2.5gcc_6000K.OUTCAR_#000.xyz
		...Running liqC.2.5gcc_6000K.OUTCAR_#001.xyz
		...Running liqC.2.5gcc_6000K.OUTCAR_#002.xyz
		...Running liqC.2.5gcc_6000K.OUTCAR_#003.xyz
		...Running liqC.2.5gcc_6000K.OUTCAR_#004.xyz
		...Running liqC.2.5gcc_6000K.OUTCAR_#005.xyz
		...Running liqC.2.5gcc_6000K.OUTCAR_#006.xyz
		...Running liqC.2.5gcc_6000K.OUTCAR_#007.xyz
		...Running liqC.2.5gcc_6000K.OUTCAR_#008.xyz
		...Running liqC.2.5gcc_6000K.OUTCAR_#009.xyz
	Test 1 of 2 for API fortran complete
Working on Test 2 of 2 for API fortran
		...Running TiO2.unitcell_arbrot_#000.xyz
		...Running TiO2.unitcell_arbrot_#001.xyz
	Test 2 of 2 for API fortran complete
rm -f *.o *.mod
make chimesFF.o
g++ -O3 -std=c++11   -c /Users/goldman14/work/chimes_calculator/serial_interface/examples/python/../../../chimesFF/src/chimesFF.cpp -I /Users/goldman14/work/chimes_calculator/serial_interface/examples/python/../../../chimesFF/src
make serial_chimes_interface.o
g++ -O3 -std=c++11   -c /Users/goldman14/work/chimes_calculator/serial_interface/examples/python/../../src/serial_chimes_interface.cpp -I /Users/goldman14/work/chimes_calculator/serial_interface/examples/python/../../src -I /Users/goldman14/work/chimes_calculator/serial_interface/examples/python/../../../chimesFF/src 
make wrapper-C.o
g++ -O3 -std=c++11   -c /Users/goldman14/work/chimes_calculator/serial_interface/examples/python/../../api/wrapper-C.cpp -I /Users/goldman14/work/chimes_calculator/serial_interface/examples/python/../../api -I /Users/goldman14/work/chimes_calculator/serial_interface/examples/python/../../src -I /Users/goldman14/work/chimes_calculator/serial_interface/examples/python/../../../chimesFF/src	
make wrapper-C.so
g++ -O3 -std=c++11   -shared -o libwrapper-C.so wrapper-C.o serial_chimes_interface.o chimesFF.o	
make clean
rm -f *.o
Working on Test 1 of 2 for API python
		...Running liqC.2.5gcc_6000K.OUTCAR_#000.xyz
		...Running liqC.2.5gcc_6000K.OUTCAR_#001.xyz
		...Running liqC.2.5gcc_6000K.OUTCAR_#002.xyz
		...Running liqC.2.5gcc_6000K.OUTCAR_#003.xyz
		...Running liqC.2.5gcc_6000K.OUTCAR_#004.xyz
		...Running liqC.2.5gcc_6000K.OUTCAR_#005.xyz
		...Running liqC.2.5gcc_6000K.OUTCAR_#006.xyz
		...Running liqC.2.5gcc_6000K.OUTCAR_#007.xyz
		...Running liqC.2.5gcc_6000K.OUTCAR_#008.xyz
		...Running liqC.2.5gcc_6000K.OUTCAR_#009.xyz
	Test 1 of 2 for API python complete
Working on Test 2 of 2 for API python
		...Running TiO2.unitcell_arbrot_#000.xyz
		...Running TiO2.unitcell_arbrot_#001.xyz
	Test 2 of 2 for API python complete
rm -f *.o
